
> reward-bridge-frontend@0.1.0 build
> next build

▲ Next.js 16.1.6 (Turbopack)

  Creating an optimized production build ...

> Build error occurred
Error: Turbopack build failed with 6 errors:
./src/components/layout/sidebar.tsx:2:10
Ecmascript file had an error
  1 | import Link from "next/link";
> 2 | import { usePathname } from "next/navigation";
    |          ^^^^^^^^^^^
  3 | import { cn } from "@/lib/utils";
  4 | import { Button } from "@/components/ui/button";
  5 | import { LayoutDashboard, MessageSquarePlus } from "lucide-react";

You're importing a component that needs `usePathname`. This React Hook only works in a Client Component. To fix, mark the file (or its parent) with the `"use client"` directive.

 Learn more: https://nextjs.org/docs/app/api-reference/directives/use-client



Import traces:
  Server Component:
    ./src/components/layout/sidebar.tsx
    ./src/app/[builderId]/layout.tsx

  Client Component Browser:
    ./src/components/layout/sidebar.tsx [Client Component Browser]
    ./src/app/page.tsx [Client Component Browser]
    ./src/app/page.tsx [Server Component]

  Client Component SSR:
    ./src/components/layout/sidebar.tsx [Client Component SSR]
    ./src/app/page.tsx [Client Component SSR]
    ./src/app/page.tsx [Server Component]


./src/app/[builderId]/page.tsx:11:1
Module not found: Can't resolve '@/components/ui/label'
   9 | import { Textarea } from '@/components/ui/textarea';
  10 | import { Input } from '@/components/ui/input';
> 11 | import { Label } from '@/components/ui/label';
     | ^^^^^^^^^^^^^^^^^^^^^^^^^^^^^^^^^^^^^^^^^^^^^^
  12 | import { Select, SelectContent, SelectItem, SelectTrigger, SelectValue } from '@/components/ui/select';
  13 | import { Sheet, SheetContent, SheetTrigger } from '@/components/ui/sheet';
  14 | import { toast } from 'sonner';

Import map: aliased to relative './src/components/ui/label' inside of [project]/


Import traces:
  Client Component Browser:
    ./src/app/[builderId]/page.tsx [Client Component Browser]
    ./src/app/[builderId]/page.tsx [Server Component]

  Client Component SSR:
    ./src/app/[builderId]/page.tsx [Client Component SSR]
    ./src/app/[builderId]/page.tsx [Server Component]

https://nextjs.org/docs/messages/module-not-found


./src/app/[builderId]/page.tsx:13:1
Module not found: Can't resolve '@/components/ui/sheet'
  11 | import { Label } from '@/components/ui/label';
  12 | import { Select, SelectContent, SelectItem, SelectTrigger, SelectValue } from '@/components/ui/select';
> 13 | import { Sheet, SheetContent, SheetTrigger } from '@/components/ui/sheet';
     | ^^^^^^^^^^^^^^^^^^^^^^^^^^^^^^^^^^^^^^^^^^^^^^^^^^^^^^^^^^^^^^^^^^^^^^^^^^
  14 | import { toast } from 'sonner';
  15 | import { Menu, Paperclip, Send, Loader2 } from 'lucide-react';
  16 | import { Sidebar } from '@/components/layout/sidebar';

Import map: aliased to relative './src/components/ui/sheet' inside of [project]/


Import traces:
  Client Component Browser:
    ./src/app/[builderId]/page.tsx [Client Component Browser]
    ./src/app/[builderId]/page.tsx [Server Component]

  Client Component SSR:
    ./src/app/[builderId]/page.tsx [Client Component SSR]
    ./src/app/[builderId]/page.tsx [Server Component]

https://nextjs.org/docs/messages/module-not-found


./src/app/page.tsx:7:1
Module not found: Can't resolve '@/components/ui/sheet'
   5 | import { Button } from '@/components/ui/button';
   6 | import { Sidebar } from '@/components/layout/sidebar';
>  7 | import { Sheet, SheetContent, SheetTrigger } from '@/components/ui/sheet';
     | ^^^^^^^^^^^^^^^^^^^^^^^^^^^^^^^^^^^^^^^^^^^^^^^^^^^^^^^^^^^^^^^^^^^^^^^^^^
   8 | import { Menu } from 'lucide-react';
   9 |
  10 | export default function Home() {

Import map: aliased to relative './src/components/ui/sheet' inside of [project]/


Import traces:
  Client Component Browser:
    ./src/app/page.tsx [Client Component Browser]
    ./src/app/page.tsx [Server Component]

  Client Component SSR:
    ./src/app/page.tsx [Client Component SSR]
    ./src/app/page.tsx [Server Component]

https://nextjs.org/docs/messages/module-not-found


./src/app/[builderId]/page.tsx:5:1
Module not found: Can't resolve '@hookform/resolvers/zod'
  3 | import { useState } from 'react';
  4 | import { useForm } from 'react-hook-form';
> 5 | import { zodResolver } from '@hookform/resolvers/zod';
    | ^^^^^^^^^^^^^^^^^^^^^^^^^^^^^^^^^^^^^^^^^^^^^^^^^^^^^^
  6 | import * as z from 'zod';
  7 | import { useConsult } from '@/hooks/useConsult';
  8 | import { Button } from '@/components/ui/button';



Import traces:
  Client Component Browser:
    ./src/app/[builderId]/page.tsx [Client Component Browser]
    ./src/app/[builderId]/page.tsx [Server Component]

  Client Component SSR:
    ./src/app/[builderId]/page.tsx [Client Component SSR]
    ./src/app/[builderId]/page.tsx [Server Component]

https://nextjs.org/docs/messages/module-not-found


./src/app/[builderId]/page.tsx:4:1
Module not found: Can't resolve 'react-hook-form'
  2 |
  3 | import { useState } from 'react';
> 4 | import { useForm } from 'react-hook-form';
    | ^^^^^^^^^^^^^^^^^^^^^^^^^^^^^^^^^^^^^^^^^^
  5 | import { zodResolver } from '@hookform/resolvers/zod';
  6 | import * as z from 'zod';
  7 | import { useConsult } from '@/hooks/useConsult';



Import traces:
  Client Component Browser:
    ./src/app/[builderId]/page.tsx [Client Component Browser]
    ./src/app/[builderId]/page.tsx [Server Component]

  Client Component SSR:
    ./src/app/[builderId]/page.tsx [Client Component SSR]
    ./src/app/[builderId]/page.tsx [Server Component]

https://nextjs.org/docs/messages/module-not-found


    at <unknown> (./src/components/layout/sidebar.tsx:2:10)
    at <unknown> (./src/app/[builderId]/page.tsx:11:1)
    at <unknown> (https://nextjs.org/docs/messages/module-not-found)
    at <unknown> (./src/app/[builderId]/page.tsx:13:1)
    at <unknown> (https://nextjs.org/docs/messages/module-not-found)
    at <unknown> (./src/app/page.tsx:7:1)
    at <unknown> (https://nextjs.org/docs/messages/module-not-found)
    at <unknown> (./src/app/[builderId]/page.tsx:5:1)
    at <unknown> (https://nextjs.org/docs/messages/module-not-found)
    at <unknown> (./src/app/[builderId]/page.tsx:4:1)
    at <unknown> (https://nextjs.org/docs/messages/module-not-found)
